\BOOKMARK [1][-]{section*.1}{Question\040One}{}% 1
\BOOKMARK [1][-]{section*.4}{Question\040Two}{}% 2
\BOOKMARK [1][-]{section*.5}{Question\040Thre}{}% 3
\BOOKMARK [1][-]{section*.9}{Question\040Four}{}% 4
\BOOKMARK [1][-]{section*.10}{Question\040Five}{}% 5
